// Jest Snapshot v1, https://goo.gl/fbAQLP

exports[`LogInForm should render properly 1`] = `
LogInForm {
  "context": Object {},
  "keydown": [Function],
  "props": Object {
    "classes": Object {
      "root": "LogInForm-root-1",
    },
    "onSignIn": [MockFunction],
  },
  "refs": Object {},
  "setState": [Function],
  "state": Object {
    "email": "",
    "password": "",
  },
  "updater": Updater {
    "_callbacks": Array [],
    "_renderer": ReactShallowRenderer {
      "_context": Object {},
      "_didScheduleRenderPhaseUpdate": false,
      "_dispatcher": Object {
        "readContext": [Function],
        "useCallback": [Function],
        "useContext": [Function],
        "useDebugValue": [Function],
        "useEffect": [Function],
        "useImperativeHandle": [Function],
        "useLayoutEffect": [Function],
        "useMemo": [Function],
        "useReducer": [Function],
        "useRef": [Function],
        "useState": [Function],
      },
      "_element": <LogInForm
        classes={
          Object {
            "root": "LogInForm-root-1",
          }
        }
        onSignIn={[MockFunction]}
      />,
      "_firstWorkInProgressHook": null,
      "_forcedUpdate": false,
      "_instance": [Circular],
      "_isReRender": false,
      "_newState": null,
      "_numberOfReRenders": 0,
      "_renderPhaseUpdates": null,
      "_rendered": <div
        className="LogInForm-root-1"
      >
        <TextField
          label="Email"
          onChange={[Function]}
          required={false}
          select={false}
          type="email"
          variant="standard"
        />
        <TextField
          label="Password"
          onChange={[Function]}
          required={false}
          select={false}
          type="password"
          variant="standard"
        />
        <WithStyles(WithStyles(Button))
          color="primary"
          onClick={[Function]}
          variant="contained"
        >
           Sign In
        </WithStyles(WithStyles(Button))>
      </div>,
      "_rendering": false,
      "_updater": [Circular],
      "_workInProgressHook": null,
    },
  },
  Symbol(enzyme.__setState__): [Function],
}
`;
